Archive member included because of file (symbol)

d:/academic/mt embedded diploma/0. misc/eclipse/winavr-20240224t165543z-001/winavr/bin/../lib/gcc/avr/4.3.3/avr5\libgcc.a(_exit.o)
                              d:/academic/mt embedded diploma/0. misc/eclipse/winavr-20240224t165543z-001/winavr/bin/../lib/gcc/avr/4.3.3/../../../../avr/lib/avr5/crtm32.o (exit)
d:/academic/mt embedded diploma/0. misc/eclipse/winavr-20240224t165543z-001/winavr/bin/../lib/gcc/avr/4.3.3/avr5\libgcc.a(_copy_data.o)
                              ./src/main.o (__do_copy_data)
d:/academic/mt embedded diploma/0. misc/eclipse/winavr-20240224t165543z-001/winavr/bin/../lib/gcc/avr/4.3.3/avr5\libgcc.a(_clear_bss.o)
                              ./src/icu.o (__do_clear_bss)
d:/academic/mt embedded diploma/0. misc/eclipse/winavr-20240224t165543z-001/winavr/bin/../lib/gcc/avr/4.3.3/avr5\libgcc.a(_fixunssfsi.o)
                              ./src/lcd.o (__fixunssfsi)
d:/academic/mt embedded diploma/0. misc/eclipse/winavr-20240224t165543z-001/winavr/bin/../lib/gcc/avr/4.3.3/avr5\libgcc.a(_addsub_sf.o)
                              d:/academic/mt embedded diploma/0. misc/eclipse/winavr-20240224t165543z-001/winavr/bin/../lib/gcc/avr/4.3.3/avr5\libgcc.a(_fixunssfsi.o) (__subsf3)
d:/academic/mt embedded diploma/0. misc/eclipse/winavr-20240224t165543z-001/winavr/bin/../lib/gcc/avr/4.3.3/avr5\libgcc.a(_mul_sf.o)
                              ./src/lcd.o (__mulsf3)
d:/academic/mt embedded diploma/0. misc/eclipse/winavr-20240224t165543z-001/winavr/bin/../lib/gcc/avr/4.3.3/avr5\libgcc.a(_div_sf.o)
                              ./src/ultrasonic.o (__divsf3)
d:/academic/mt embedded diploma/0. misc/eclipse/winavr-20240224t165543z-001/winavr/bin/../lib/gcc/avr/4.3.3/avr5\libgcc.a(_gt_sf.o)
                              ./src/lcd.o (__gtsf2)
d:/academic/mt embedded diploma/0. misc/eclipse/winavr-20240224t165543z-001/winavr/bin/../lib/gcc/avr/4.3.3/avr5\libgcc.a(_ge_sf.o)
                              ./src/ultrasonic.o (__gesf2)
d:/academic/mt embedded diploma/0. misc/eclipse/winavr-20240224t165543z-001/winavr/bin/../lib/gcc/avr/4.3.3/avr5\libgcc.a(_lt_sf.o)
                              ./src/lcd.o (__ltsf2)
d:/academic/mt embedded diploma/0. misc/eclipse/winavr-20240224t165543z-001/winavr/bin/../lib/gcc/avr/4.3.3/avr5\libgcc.a(_sf_to_si.o)
                              d:/academic/mt embedded diploma/0. misc/eclipse/winavr-20240224t165543z-001/winavr/bin/../lib/gcc/avr/4.3.3/avr5\libgcc.a(_fixunssfsi.o) (__fixsfsi)
d:/academic/mt embedded diploma/0. misc/eclipse/winavr-20240224t165543z-001/winavr/bin/../lib/gcc/avr/4.3.3/avr5\libgcc.a(_thenan_sf.o)
                              d:/academic/mt embedded diploma/0. misc/eclipse/winavr-20240224t165543z-001/winavr/bin/../lib/gcc/avr/4.3.3/avr5\libgcc.a(_addsub_sf.o) (__thenan_sf)
d:/academic/mt embedded diploma/0. misc/eclipse/winavr-20240224t165543z-001/winavr/bin/../lib/gcc/avr/4.3.3/avr5\libgcc.a(_usi_to_sf.o)
                              ./src/ultrasonic.o (__floatunsisf)
d:/academic/mt embedded diploma/0. misc/eclipse/winavr-20240224t165543z-001/winavr/bin/../lib/gcc/avr/4.3.3/avr5\libgcc.a(_prologue.o)
                              d:/academic/mt embedded diploma/0. misc/eclipse/winavr-20240224t165543z-001/winavr/bin/../lib/gcc/avr/4.3.3/avr5\libgcc.a(_addsub_sf.o) (__prologue_saves__)
d:/academic/mt embedded diploma/0. misc/eclipse/winavr-20240224t165543z-001/winavr/bin/../lib/gcc/avr/4.3.3/avr5\libgcc.a(_epilogue.o)
                              d:/academic/mt embedded diploma/0. misc/eclipse/winavr-20240224t165543z-001/winavr/bin/../lib/gcc/avr/4.3.3/avr5\libgcc.a(_addsub_sf.o) (__epilogue_restores__)
d:/academic/mt embedded diploma/0. misc/eclipse/winavr-20240224t165543z-001/winavr/bin/../lib/gcc/avr/4.3.3/avr5\libgcc.a(_clzsi2.o)
                              d:/academic/mt embedded diploma/0. misc/eclipse/winavr-20240224t165543z-001/winavr/bin/../lib/gcc/avr/4.3.3/avr5\libgcc.a(_usi_to_sf.o) (__clzsi2)
d:/academic/mt embedded diploma/0. misc/eclipse/winavr-20240224t165543z-001/winavr/bin/../lib/gcc/avr/4.3.3/avr5\libgcc.a(_pack_sf.o)
                              d:/academic/mt embedded diploma/0. misc/eclipse/winavr-20240224t165543z-001/winavr/bin/../lib/gcc/avr/4.3.3/avr5\libgcc.a(_addsub_sf.o) (__pack_f)
d:/academic/mt embedded diploma/0. misc/eclipse/winavr-20240224t165543z-001/winavr/bin/../lib/gcc/avr/4.3.3/avr5\libgcc.a(_unpack_sf.o)
                              d:/academic/mt embedded diploma/0. misc/eclipse/winavr-20240224t165543z-001/winavr/bin/../lib/gcc/avr/4.3.3/avr5\libgcc.a(_addsub_sf.o) (__unpack_f)
d:/academic/mt embedded diploma/0. misc/eclipse/winavr-20240224t165543z-001/winavr/bin/../lib/gcc/avr/4.3.3/avr5\libgcc.a(_fpcmp_parts_sf.o)
                              d:/academic/mt embedded diploma/0. misc/eclipse/winavr-20240224t165543z-001/winavr/bin/../lib/gcc/avr/4.3.3/avr5\libgcc.a(_gt_sf.o) (__fpcmp_parts_f)
d:/academic/mt embedded diploma/0. misc/eclipse/winavr-20240224t165543z-001/winavr/bin/../lib/gcc/avr/4.3.3/avr5\libgcc.a(_clz.o)
                              d:/academic/mt embedded diploma/0. misc/eclipse/winavr-20240224t165543z-001/winavr/bin/../lib/gcc/avr/4.3.3/avr5\libgcc.a(_clzsi2.o) (__clz_tab)
d:/academic/mt embedded diploma/0. misc/eclipse/winavr-20240224t165543z-001/winavr/bin/../lib/gcc/avr/4.3.3/../../../../avr/lib/avr5\libc.a(itoa.o)
                              ./src/lcd.o (itoa)
d:/academic/mt embedded diploma/0. misc/eclipse/winavr-20240224t165543z-001/winavr/bin/../lib/gcc/avr/4.3.3/../../../../avr/lib/avr5\libc.a(strrev.o)
                              d:/academic/mt embedded diploma/0. misc/eclipse/winavr-20240224t165543z-001/winavr/bin/../lib/gcc/avr/4.3.3/../../../../avr/lib/avr5\libc.a(itoa.o) (strrev)
d:/academic/mt embedded diploma/0. misc/eclipse/winavr-20240224t165543z-001/winavr/bin/../lib/gcc/avr/4.3.3/avr5\libgcc.a(_udivmodhi4.o)
                              d:/academic/mt embedded diploma/0. misc/eclipse/winavr-20240224t165543z-001/winavr/bin/../lib/gcc/avr/4.3.3/../../../../avr/lib/avr5\libc.a(itoa.o) (__udivmodhi4)

Allocating common symbols
Common symbol       size              file

g_timerValue        0x2               ./src/ultrasonic.o

Memory Configuration

Name             Origin             Length             Attributes
text             0x00000000         0x00020000         xr
data             0x00800060         0x0000ffa0         rw !x
eeprom           0x00810000         0x00010000         rw !x
fuse             0x00820000         0x00000400         rw !x
lock             0x00830000         0x00000400         rw !x
signature        0x00840000         0x00000400         rw !x
*default*        0x00000000         0xffffffff

Linker script and memory map

LOAD d:/academic/mt embedded diploma/0. misc/eclipse/winavr-20240224t165543z-001/winavr/bin/../lib/gcc/avr/4.3.3/../../../../avr/lib/avr5/crtm32.o
LOAD ./src/gpio.o
LOAD ./src/icu.o
LOAD ./src/lcd.o
LOAD ./src/main.o
LOAD ./src/ultrasonic.o
LOAD d:/academic/mt embedded diploma/0. misc/eclipse/winavr-20240224t165543z-001/winavr/bin/../lib/gcc/avr/4.3.3/avr5\libgcc.a
LOAD d:/academic/mt embedded diploma/0. misc/eclipse/winavr-20240224t165543z-001/winavr/bin/../lib/gcc/avr/4.3.3/../../../../avr/lib/avr5\libc.a
LOAD d:/academic/mt embedded diploma/0. misc/eclipse/winavr-20240224t165543z-001/winavr/bin/../lib/gcc/avr/4.3.3/avr5\libgcc.a

.hash
 *(.hash)

.dynsym
 *(.dynsym)

.dynstr
 *(.dynstr)

.gnu.version
 *(.gnu.version)

.gnu.version_d
 *(.gnu.version_d)

.gnu.version_r
 *(.gnu.version_r)

.rel.init
 *(.rel.init)

.rela.init
 *(.rela.init)

.rel.text
 *(.rel.text)
 *(.rel.text.*)
 *(.rel.gnu.linkonce.t*)

.rela.text
 *(.rela.text)
 *(.rela.text.*)
 *(.rela.gnu.linkonce.t*)

.rel.fini
 *(.rel.fini)

.rela.fini
 *(.rela.fini)

.rel.rodata
 *(.rel.rodata)
 *(.rel.rodata.*)
 *(.rel.gnu.linkonce.r*)

.rela.rodata
 *(.rela.rodata)
 *(.rela.rodata.*)
 *(.rela.gnu.linkonce.r*)

.rel.data
 *(.rel.data)
 *(.rel.data.*)
 *(.rel.gnu.linkonce.d*)

.rela.data
 *(.rela.data)
 *(.rela.data.*)
 *(.rela.gnu.linkonce.d*)

.rel.ctors
 *(.rel.ctors)

.rela.ctors
 *(.rela.ctors)

.rel.dtors
 *(.rel.dtors)

.rela.dtors
 *(.rela.dtors)

.rel.got
 *(.rel.got)

.rela.got
 *(.rela.got)

.rel.bss
 *(.rel.bss)

.rela.bss
 *(.rela.bss)

.rel.plt
 *(.rel.plt)

.rela.plt
 *(.rela.plt)

.text           0x00000000     0x28fc
 *(.vectors)
 .vectors       0x00000000       0x54 d:/academic/mt embedded diploma/0. misc/eclipse/winavr-20240224t165543z-001/winavr/bin/../lib/gcc/avr/4.3.3/../../../../avr/lib/avr5/crtm32.o
                0x00000000                __vectors
                0x00000000                __vector_default
 *(.vectors)
 *(.progmem.gcc*)
 *(.progmem*)
                0x00000054                . = ALIGN (0x2)
                0x00000054                __trampolines_start = .
 *(.trampolines)
 .trampolines   0x00000054        0x0 linker stubs
 *(.trampolines*)
                0x00000054                __trampolines_end = .
 *(.jumptables)
 *(.jumptables*)
 *(.lowtext)
 *(.lowtext*)
                0x00000054                __ctors_start = .
 *(.ctors)
                0x00000054                __ctors_end = .
                0x00000054                __dtors_start = .
 *(.dtors)
                0x00000054                __dtors_end = .
 SORT(*)(.ctors)
 SORT(*)(.dtors)
 *(.init0)
 .init0         0x00000054        0x0 d:/academic/mt embedded diploma/0. misc/eclipse/winavr-20240224t165543z-001/winavr/bin/../lib/gcc/avr/4.3.3/../../../../avr/lib/avr5/crtm32.o
                0x00000054                __init
 *(.init0)
 *(.init1)
 *(.init1)
 *(.init2)
 .init2         0x00000054        0xc d:/academic/mt embedded diploma/0. misc/eclipse/winavr-20240224t165543z-001/winavr/bin/../lib/gcc/avr/4.3.3/../../../../avr/lib/avr5/crtm32.o
 *(.init2)
 *(.init3)
 *(.init3)
 *(.init4)
 .init4         0x00000060       0x16 d:/academic/mt embedded diploma/0. misc/eclipse/winavr-20240224t165543z-001/winavr/bin/../lib/gcc/avr/4.3.3/avr5\libgcc.a(_copy_data.o)
                0x00000060                __do_copy_data
 .init4         0x00000076       0x10 d:/academic/mt embedded diploma/0. misc/eclipse/winavr-20240224t165543z-001/winavr/bin/../lib/gcc/avr/4.3.3/avr5\libgcc.a(_clear_bss.o)
                0x00000076                __do_clear_bss
 *(.init4)
 *(.init5)
 *(.init5)
 *(.init6)
 *(.init6)
 *(.init7)
 *(.init7)
 *(.init8)
 *(.init8)
 *(.init9)
 .init9         0x00000086        0x8 d:/academic/mt embedded diploma/0. misc/eclipse/winavr-20240224t165543z-001/winavr/bin/../lib/gcc/avr/4.3.3/../../../../avr/lib/avr5/crtm32.o
 *(.init9)
 *(.text)
 .text          0x0000008e        0x4 d:/academic/mt embedded diploma/0. misc/eclipse/winavr-20240224t165543z-001/winavr/bin/../lib/gcc/avr/4.3.3/../../../../avr/lib/avr5/crtm32.o
                0x0000008e                __vector_1
                0x0000008e                __vector_12
                0x0000008e                __bad_interrupt
                0x0000008e                __vector_3
                0x0000008e                __vector_11
                0x0000008e                __vector_13
                0x0000008e                __vector_17
                0x0000008e                __vector_19
                0x0000008e                __vector_7
                0x0000008e                __vector_5
                0x0000008e                __vector_4
                0x0000008e                __vector_9
                0x0000008e                __vector_2
                0x0000008e                __vector_15
                0x0000008e                __vector_8
                0x0000008e                __vector_14
                0x0000008e                __vector_10
                0x0000008e                __vector_16
                0x0000008e                __vector_18
                0x0000008e                __vector_20
 .text          0x00000092        0x0 ./src/gpio.o
 .text          0x00000092        0x0 ./src/icu.o
 .text          0x00000092        0x0 ./src/lcd.o
 .text          0x00000092        0x0 ./src/main.o
 .text          0x00000092        0x0 ./src/ultrasonic.o
 .text          0x00000092        0x0 d:/academic/mt embedded diploma/0. misc/eclipse/winavr-20240224t165543z-001/winavr/bin/../lib/gcc/avr/4.3.3/avr5\libgcc.a(_exit.o)
 .text          0x00000092        0x0 d:/academic/mt embedded diploma/0. misc/eclipse/winavr-20240224t165543z-001/winavr/bin/../lib/gcc/avr/4.3.3/avr5\libgcc.a(_copy_data.o)
 .text          0x00000092        0x0 d:/academic/mt embedded diploma/0. misc/eclipse/winavr-20240224t165543z-001/winavr/bin/../lib/gcc/avr/4.3.3/avr5\libgcc.a(_clear_bss.o)
 .text          0x00000092       0x58 d:/academic/mt embedded diploma/0. misc/eclipse/winavr-20240224t165543z-001/winavr/bin/../lib/gcc/avr/4.3.3/avr5\libgcc.a(_fixunssfsi.o)
                0x00000092                __fixunssfsi
 .text          0x000000ea      0x354 d:/academic/mt embedded diploma/0. misc/eclipse/winavr-20240224t165543z-001/winavr/bin/../lib/gcc/avr/4.3.3/avr5\libgcc.a(_addsub_sf.o)
                0x00000382                __subsf3
                0x000003e4                __addsf3
 .text          0x0000043e      0x1f4 d:/academic/mt embedded diploma/0. misc/eclipse/winavr-20240224t165543z-001/winavr/bin/../lib/gcc/avr/4.3.3/avr5\libgcc.a(_mul_sf.o)
                0x0000043e                __mulsf3
 .text          0x00000632      0x158 d:/academic/mt embedded diploma/0. misc/eclipse/winavr-20240224t165543z-001/winavr/bin/../lib/gcc/avr/4.3.3/avr5\libgcc.a(_div_sf.o)
                0x00000632                __divsf3
 .text          0x0000078a       0x60 d:/academic/mt embedded diploma/0. misc/eclipse/winavr-20240224t165543z-001/winavr/bin/../lib/gcc/avr/4.3.3/avr5\libgcc.a(_gt_sf.o)
                0x0000078a                __gtsf2
 .text          0x000007ea       0x60 d:/academic/mt embedded diploma/0. misc/eclipse/winavr-20240224t165543z-001/winavr/bin/../lib/gcc/avr/4.3.3/avr5\libgcc.a(_ge_sf.o)
                0x000007ea                __gesf2
 .text          0x0000084a       0x60 d:/academic/mt embedded diploma/0. misc/eclipse/winavr-20240224t165543z-001/winavr/bin/../lib/gcc/avr/4.3.3/avr5\libgcc.a(_lt_sf.o)
                0x0000084a                __ltsf2
 .text          0x000008aa       0xa8 d:/academic/mt embedded diploma/0. misc/eclipse/winavr-20240224t165543z-001/winavr/bin/../lib/gcc/avr/4.3.3/avr5\libgcc.a(_sf_to_si.o)
                0x000008aa                __fixsfsi
 .text          0x00000952        0x0 d:/academic/mt embedded diploma/0. misc/eclipse/winavr-20240224t165543z-001/winavr/bin/../lib/gcc/avr/4.3.3/avr5\libgcc.a(_thenan_sf.o)
 .text          0x00000952       0xf2 d:/academic/mt embedded diploma/0. misc/eclipse/winavr-20240224t165543z-001/winavr/bin/../lib/gcc/avr/4.3.3/avr5\libgcc.a(_usi_to_sf.o)
                0x00000952                __floatunsisf
 .text          0x00000a44        0x0 d:/academic/mt embedded diploma/0. misc/eclipse/winavr-20240224t165543z-001/winavr/bin/../lib/gcc/avr/4.3.3/avr5\libgcc.a(_prologue.o)
 .text          0x00000a44        0x0 d:/academic/mt embedded diploma/0. misc/eclipse/winavr-20240224t165543z-001/winavr/bin/../lib/gcc/avr/4.3.3/avr5\libgcc.a(_epilogue.o)
 .text          0x00000a44       0x9e d:/academic/mt embedded diploma/0. misc/eclipse/winavr-20240224t165543z-001/winavr/bin/../lib/gcc/avr/4.3.3/avr5\libgcc.a(_clzsi2.o)
                0x00000a44                __clzsi2
 .text          0x00000ae2      0x1aa d:/academic/mt embedded diploma/0. misc/eclipse/winavr-20240224t165543z-001/winavr/bin/../lib/gcc/avr/4.3.3/avr5\libgcc.a(_pack_sf.o)
                0x00000ae2                __pack_f
 .text          0x00000c8c       0xf0 d:/academic/mt embedded diploma/0. misc/eclipse/winavr-20240224t165543z-001/winavr/bin/../lib/gcc/avr/4.3.3/avr5\libgcc.a(_unpack_sf.o)
                0x00000c8c                __unpack_f
 .text          0x00000d7c       0xb2 d:/academic/mt embedded diploma/0. misc/eclipse/winavr-20240224t165543z-001/winavr/bin/../lib/gcc/avr/4.3.3/avr5\libgcc.a(_fpcmp_parts_sf.o)
                0x00000d7c                __fpcmp_parts_f
 .text          0x00000e2e        0x0 d:/academic/mt embedded diploma/0. misc/eclipse/winavr-20240224t165543z-001/winavr/bin/../lib/gcc/avr/4.3.3/avr5\libgcc.a(_clz.o)
 .text          0x00000e2e        0x0 d:/academic/mt embedded diploma/0. misc/eclipse/winavr-20240224t165543z-001/winavr/bin/../lib/gcc/avr/4.3.3/../../../../avr/lib/avr5\libc.a(itoa.o)
 .text          0x00000e2e        0x0 d:/academic/mt embedded diploma/0. misc/eclipse/winavr-20240224t165543z-001/winavr/bin/../lib/gcc/avr/4.3.3/../../../../avr/lib/avr5\libc.a(strrev.o)
 .text          0x00000e2e        0x0 d:/academic/mt embedded diploma/0. misc/eclipse/winavr-20240224t165543z-001/winavr/bin/../lib/gcc/avr/4.3.3/avr5\libgcc.a(_udivmodhi4.o)
                0x00000e2e                . = ALIGN (0x2)
 *(.text.*)
 .text.GPIO_setupPinDirection
                0x00000e2e      0x1d6 ./src/gpio.o
                0x00000e2e                GPIO_setupPinDirection
 .text.GPIO_writePin
                0x00001004      0x1d6 ./src/gpio.o
                0x00001004                GPIO_writePin
 .text.GPIO_readPin
                0x000011da      0x136 ./src/gpio.o
                0x000011da                GPIO_readPin
 .text.GPIO_setupPortDirection
                0x00001310       0x88 ./src/gpio.o
                0x00001310                GPIO_setupPortDirection
 .text.GPIO_writePort
                0x00001398       0x88 ./src/gpio.o
                0x00001398                GPIO_writePort
 .text.GPIO_readPort
                0x00001420       0x8a ./src/gpio.o
                0x00001420                GPIO_readPort
 .text.__vector_6
                0x000014aa       0x66 ./src/icu.o
                0x000014aa                __vector_6
 .text.ICU_init
                0x00001510       0x92 ./src/icu.o
                0x00001510                ICU_init
 .text.ICU_setCallBack
                0x000015a2       0x24 ./src/icu.o
                0x000015a2                ICU_setCallBack
 .text.ICU_setEdgeDetectionType
                0x000015c6       0x3e ./src/icu.o
                0x000015c6                ICU_setEdgeDetectionType
 .text.ICU_getInputCaptureValue
                0x00001604       0x16 ./src/icu.o
                0x00001604                ICU_getInputCaptureValue
 .text.ICU_clearTimerValue
                0x0000161a       0x16 ./src/icu.o
                0x0000161a                ICU_clearTimerValue
 .text.ICU_deInit
                0x00001630       0x40 ./src/icu.o
                0x00001630                ICU_deInit
 .text.LCD_init
                0x00001670      0x138 ./src/lcd.o
                0x00001670                LCD_init
 .text.LCD_sendCommand
                0x000017a8      0x3de ./src/lcd.o
                0x000017a8                LCD_sendCommand
 .text.LCD_displayCharacter
                0x00001b86      0x3de ./src/lcd.o
                0x00001b86                LCD_displayCharacter
 .text.LCD_displayString
                0x00001f64       0x52 ./src/lcd.o
                0x00001f64                LCD_displayString
 .text.LCD_moveCursor
                0x00001fb6       0x84 ./src/lcd.o
                0x00001fb6                LCD_moveCursor
 .text.LCD_displayStringRowColumn
                0x0000203a       0x32 ./src/lcd.o
                0x0000203a                LCD_displayStringRowColumn
 .text.LCD_intgerToString
                0x0000206c       0x46 ./src/lcd.o
                0x0000206c                LCD_intgerToString
 .text.LCD_clearScreen
                0x000020b2       0x14 ./src/lcd.o
                0x000020b2                LCD_clearScreen
 .text.main     0x000020c6       0x8c ./src/main.o
                0x000020c6                main
 .text.Ultrasonic_init
                0x00002152       0x44 ./src/ultrasonic.o
                0x00002152                Ultrasonic_init
 .text.Ultrasonic_Trigger
                0x00002196      0x1b6 ./src/ultrasonic.o
                0x00002196                Ultrasonic_Trigger
 .text.Ultrasonic_readDistance
                0x0000234c      0x46a ./src/ultrasonic.o
                0x0000234c                Ultrasonic_readDistance
 .text.Ultrasonic_edgeProcessing
                0x000027b6       0x4a ./src/ultrasonic.o
                0x000027b6                Ultrasonic_edgeProcessing
 .text.libgcc   0x00002800        0x0 d:/academic/mt embedded diploma/0. misc/eclipse/winavr-20240224t165543z-001/winavr/bin/../lib/gcc/avr/4.3.3/avr5\libgcc.a(_exit.o)
 .text.libgcc   0x00002800        0x0 d:/academic/mt embedded diploma/0. misc/eclipse/winavr-20240224t165543z-001/winavr/bin/../lib/gcc/avr/4.3.3/avr5\libgcc.a(_copy_data.o)
 .text.libgcc   0x00002800        0x0 d:/academic/mt embedded diploma/0. misc/eclipse/winavr-20240224t165543z-001/winavr/bin/../lib/gcc/avr/4.3.3/avr5\libgcc.a(_clear_bss.o)
 .text.libgcc   0x00002800       0x38 d:/academic/mt embedded diploma/0. misc/eclipse/winavr-20240224t165543z-001/winavr/bin/../lib/gcc/avr/4.3.3/avr5\libgcc.a(_prologue.o)
                0x00002800                __prologue_saves__
 .text.libgcc   0x00002838       0x36 d:/academic/mt embedded diploma/0. misc/eclipse/winavr-20240224t165543z-001/winavr/bin/../lib/gcc/avr/4.3.3/avr5\libgcc.a(_epilogue.o)
                0x00002838                __epilogue_restores__
 .text.avr-libc
                0x0000286e       0x42 d:/academic/mt embedded diploma/0. misc/eclipse/winavr-20240224t165543z-001/winavr/bin/../lib/gcc/avr/4.3.3/../../../../avr/lib/avr5\libc.a(itoa.o)
                0x0000286e                itoa
 .text.avr-libc
                0x000028b0       0x20 d:/academic/mt embedded diploma/0. misc/eclipse/winavr-20240224t165543z-001/winavr/bin/../lib/gcc/avr/4.3.3/../../../../avr/lib/avr5\libc.a(strrev.o)
                0x000028b0                strrev
 .text.libgcc   0x000028d0       0x28 d:/academic/mt embedded diploma/0. misc/eclipse/winavr-20240224t165543z-001/winavr/bin/../lib/gcc/avr/4.3.3/avr5\libgcc.a(_udivmodhi4.o)
                0x000028d0                __udivmodhi4
                0x000028f8                . = ALIGN (0x2)
 *(.fini9)
 .fini9         0x000028f8        0x0 d:/academic/mt embedded diploma/0. misc/eclipse/winavr-20240224t165543z-001/winavr/bin/../lib/gcc/avr/4.3.3/avr5\libgcc.a(_exit.o)
                0x000028f8                exit
                0x000028f8                _exit
 *(.fini9)
 *(.fini8)
 *(.fini8)
 *(.fini7)
 *(.fini7)
 *(.fini6)
 *(.fini6)
 *(.fini5)
 *(.fini5)
 *(.fini4)
 *(.fini4)
 *(.fini3)
 *(.fini3)
 *(.fini2)
 *(.fini2)
 *(.fini1)
 *(.fini1)
 *(.fini0)
 .fini0         0x000028f8        0x4 d:/academic/mt embedded diploma/0. misc/eclipse/winavr-20240224t165543z-001/winavr/bin/../lib/gcc/avr/4.3.3/avr5\libgcc.a(_exit.o)
 *(.fini0)
                0x000028fc                _etext = .

.data           0x00800060      0x11e load address 0x000028fc
                0x00800060                PROVIDE (__data_start, .)
 *(.data)
 .data          0x00800060        0x0 d:/academic/mt embedded diploma/0. misc/eclipse/winavr-20240224t165543z-001/winavr/bin/../lib/gcc/avr/4.3.3/../../../../avr/lib/avr5/crtm32.o
 .data          0x00800060        0x0 ./src/gpio.o
 .data          0x00800060        0x0 ./src/icu.o
 .data          0x00800060        0x0 ./src/lcd.o
 .data          0x00800060       0x16 ./src/main.o
 .data          0x00800076        0x0 ./src/ultrasonic.o
 .data          0x00800076        0x0 d:/academic/mt embedded diploma/0. misc/eclipse/winavr-20240224t165543z-001/winavr/bin/../lib/gcc/avr/4.3.3/avr5\libgcc.a(_exit.o)
 .data          0x00800076        0x0 d:/academic/mt embedded diploma/0. misc/eclipse/winavr-20240224t165543z-001/winavr/bin/../lib/gcc/avr/4.3.3/avr5\libgcc.a(_copy_data.o)
 .data          0x00800076        0x0 d:/academic/mt embedded diploma/0. misc/eclipse/winavr-20240224t165543z-001/winavr/bin/../lib/gcc/avr/4.3.3/avr5\libgcc.a(_clear_bss.o)
 .data          0x00800076        0x0 d:/academic/mt embedded diploma/0. misc/eclipse/winavr-20240224t165543z-001/winavr/bin/../lib/gcc/avr/4.3.3/avr5\libgcc.a(_fixunssfsi.o)
 .data          0x00800076        0x0 d:/academic/mt embedded diploma/0. misc/eclipse/winavr-20240224t165543z-001/winavr/bin/../lib/gcc/avr/4.3.3/avr5\libgcc.a(_addsub_sf.o)
 .data          0x00800076        0x0 d:/academic/mt embedded diploma/0. misc/eclipse/winavr-20240224t165543z-001/winavr/bin/../lib/gcc/avr/4.3.3/avr5\libgcc.a(_mul_sf.o)
 .data          0x00800076        0x0 d:/academic/mt embedded diploma/0. misc/eclipse/winavr-20240224t165543z-001/winavr/bin/../lib/gcc/avr/4.3.3/avr5\libgcc.a(_div_sf.o)
 .data          0x00800076        0x0 d:/academic/mt embedded diploma/0. misc/eclipse/winavr-20240224t165543z-001/winavr/bin/../lib/gcc/avr/4.3.3/avr5\libgcc.a(_gt_sf.o)
 .data          0x00800076        0x0 d:/academic/mt embedded diploma/0. misc/eclipse/winavr-20240224t165543z-001/winavr/bin/../lib/gcc/avr/4.3.3/avr5\libgcc.a(_ge_sf.o)
 .data          0x00800076        0x0 d:/academic/mt embedded diploma/0. misc/eclipse/winavr-20240224t165543z-001/winavr/bin/../lib/gcc/avr/4.3.3/avr5\libgcc.a(_lt_sf.o)
 .data          0x00800076        0x0 d:/academic/mt embedded diploma/0. misc/eclipse/winavr-20240224t165543z-001/winavr/bin/../lib/gcc/avr/4.3.3/avr5\libgcc.a(_sf_to_si.o)
 .data          0x00800076        0x8 d:/academic/mt embedded diploma/0. misc/eclipse/winavr-20240224t165543z-001/winavr/bin/../lib/gcc/avr/4.3.3/avr5\libgcc.a(_thenan_sf.o)
                0x00800076                __thenan_sf
 .data          0x0080007e        0x0 d:/academic/mt embedded diploma/0. misc/eclipse/winavr-20240224t165543z-001/winavr/bin/../lib/gcc/avr/4.3.3/avr5\libgcc.a(_usi_to_sf.o)
 .data          0x0080007e        0x0 d:/academic/mt embedded diploma/0. misc/eclipse/winavr-20240224t165543z-001/winavr/bin/../lib/gcc/avr/4.3.3/avr5\libgcc.a(_prologue.o)
 .data          0x0080007e        0x0 d:/academic/mt embedded diploma/0. misc/eclipse/winavr-20240224t165543z-001/winavr/bin/../lib/gcc/avr/4.3.3/avr5\libgcc.a(_epilogue.o)
 .data          0x0080007e        0x0 d:/academic/mt embedded diploma/0. misc/eclipse/winavr-20240224t165543z-001/winavr/bin/../lib/gcc/avr/4.3.3/avr5\libgcc.a(_clzsi2.o)
 .data          0x0080007e        0x0 d:/academic/mt embedded diploma/0. misc/eclipse/winavr-20240224t165543z-001/winavr/bin/../lib/gcc/avr/4.3.3/avr5\libgcc.a(_pack_sf.o)
 .data          0x0080007e        0x0 d:/academic/mt embedded diploma/0. misc/eclipse/winavr-20240224t165543z-001/winavr/bin/../lib/gcc/avr/4.3.3/avr5\libgcc.a(_unpack_sf.o)
 .data          0x0080007e        0x0 d:/academic/mt embedded diploma/0. misc/eclipse/winavr-20240224t165543z-001/winavr/bin/../lib/gcc/avr/4.3.3/avr5\libgcc.a(_fpcmp_parts_sf.o)
 .data          0x0080007e      0x100 d:/academic/mt embedded diploma/0. misc/eclipse/winavr-20240224t165543z-001/winavr/bin/../lib/gcc/avr/4.3.3/avr5\libgcc.a(_clz.o)
                0x0080007e                __clz_tab
 .data          0x0080017e        0x0 d:/academic/mt embedded diploma/0. misc/eclipse/winavr-20240224t165543z-001/winavr/bin/../lib/gcc/avr/4.3.3/../../../../avr/lib/avr5\libc.a(itoa.o)
 .data          0x0080017e        0x0 d:/academic/mt embedded diploma/0. misc/eclipse/winavr-20240224t165543z-001/winavr/bin/../lib/gcc/avr/4.3.3/../../../../avr/lib/avr5\libc.a(strrev.o)
 .data          0x0080017e        0x0 d:/academic/mt embedded diploma/0. misc/eclipse/winavr-20240224t165543z-001/winavr/bin/../lib/gcc/avr/4.3.3/avr5\libgcc.a(_udivmodhi4.o)
 *(.data*)
 *(.rodata)
 *(.rodata*)
 *(.gnu.linkonce.d*)
                0x0080017e                . = ALIGN (0x2)
                0x0080017e                _edata = .
                0x0080017e                PROVIDE (__data_end, .)

.bss            0x0080017e        0x5
                0x0080017e                PROVIDE (__bss_start, .)
 *(.bss)
 .bss           0x0080017e        0x0 d:/academic/mt embedded diploma/0. misc/eclipse/winavr-20240224t165543z-001/winavr/bin/../lib/gcc/avr/4.3.3/../../../../avr/lib/avr5/crtm32.o
 .bss           0x0080017e        0x0 ./src/gpio.o
 .bss           0x0080017e        0x0 ./src/icu.o
 .bss           0x0080017e        0x0 ./src/lcd.o
 .bss           0x0080017e        0x0 ./src/main.o
 .bss           0x0080017e        0x0 ./src/ultrasonic.o
 .bss           0x0080017e        0x0 d:/academic/mt embedded diploma/0. misc/eclipse/winavr-20240224t165543z-001/winavr/bin/../lib/gcc/avr/4.3.3/avr5\libgcc.a(_exit.o)
 .bss           0x0080017e        0x0 d:/academic/mt embedded diploma/0. misc/eclipse/winavr-20240224t165543z-001/winavr/bin/../lib/gcc/avr/4.3.3/avr5\libgcc.a(_copy_data.o)
 .bss           0x0080017e        0x0 d:/academic/mt embedded diploma/0. misc/eclipse/winavr-20240224t165543z-001/winavr/bin/../lib/gcc/avr/4.3.3/avr5\libgcc.a(_clear_bss.o)
 .bss           0x0080017e        0x0 d:/academic/mt embedded diploma/0. misc/eclipse/winavr-20240224t165543z-001/winavr/bin/../lib/gcc/avr/4.3.3/avr5\libgcc.a(_fixunssfsi.o)
 .bss           0x0080017e        0x0 d:/academic/mt embedded diploma/0. misc/eclipse/winavr-20240224t165543z-001/winavr/bin/../lib/gcc/avr/4.3.3/avr5\libgcc.a(_addsub_sf.o)
 .bss           0x0080017e        0x0 d:/academic/mt embedded diploma/0. misc/eclipse/winavr-20240224t165543z-001/winavr/bin/../lib/gcc/avr/4.3.3/avr5\libgcc.a(_mul_sf.o)
 .bss           0x0080017e        0x0 d:/academic/mt embedded diploma/0. misc/eclipse/winavr-20240224t165543z-001/winavr/bin/../lib/gcc/avr/4.3.3/avr5\libgcc.a(_div_sf.o)
 .bss           0x0080017e        0x0 d:/academic/mt embedded diploma/0. misc/eclipse/winavr-20240224t165543z-001/winavr/bin/../lib/gcc/avr/4.3.3/avr5\libgcc.a(_gt_sf.o)
 .bss           0x0080017e        0x0 d:/academic/mt embedded diploma/0. misc/eclipse/winavr-20240224t165543z-001/winavr/bin/../lib/gcc/avr/4.3.3/avr5\libgcc.a(_ge_sf.o)
 .bss           0x0080017e        0x0 d:/academic/mt embedded diploma/0. misc/eclipse/winavr-20240224t165543z-001/winavr/bin/../lib/gcc/avr/4.3.3/avr5\libgcc.a(_lt_sf.o)
 .bss           0x0080017e        0x0 d:/academic/mt embedded diploma/0. misc/eclipse/winavr-20240224t165543z-001/winavr/bin/../lib/gcc/avr/4.3.3/avr5\libgcc.a(_sf_to_si.o)
 .bss           0x0080017e        0x0 d:/academic/mt embedded diploma/0. misc/eclipse/winavr-20240224t165543z-001/winavr/bin/../lib/gcc/avr/4.3.3/avr5\libgcc.a(_thenan_sf.o)
 .bss           0x0080017e        0x0 d:/academic/mt embedded diploma/0. misc/eclipse/winavr-20240224t165543z-001/winavr/bin/../lib/gcc/avr/4.3.3/avr5\libgcc.a(_usi_to_sf.o)
 .bss           0x0080017e        0x0 d:/academic/mt embedded diploma/0. misc/eclipse/winavr-20240224t165543z-001/winavr/bin/../lib/gcc/avr/4.3.3/avr5\libgcc.a(_prologue.o)
 .bss           0x0080017e        0x0 d:/academic/mt embedded diploma/0. misc/eclipse/winavr-20240224t165543z-001/winavr/bin/../lib/gcc/avr/4.3.3/avr5\libgcc.a(_epilogue.o)
 .bss           0x0080017e        0x0 d:/academic/mt embedded diploma/0. misc/eclipse/winavr-20240224t165543z-001/winavr/bin/../lib/gcc/avr/4.3.3/avr5\libgcc.a(_clzsi2.o)
 .bss           0x0080017e        0x0 d:/academic/mt embedded diploma/0. misc/eclipse/winavr-20240224t165543z-001/winavr/bin/../lib/gcc/avr/4.3.3/avr5\libgcc.a(_pack_sf.o)
 .bss           0x0080017e        0x0 d:/academic/mt embedded diploma/0. misc/eclipse/winavr-20240224t165543z-001/winavr/bin/../lib/gcc/avr/4.3.3/avr5\libgcc.a(_unpack_sf.o)
 .bss           0x0080017e        0x0 d:/academic/mt embedded diploma/0. misc/eclipse/winavr-20240224t165543z-001/winavr/bin/../lib/gcc/avr/4.3.3/avr5\libgcc.a(_fpcmp_parts_sf.o)
 .bss           0x0080017e        0x0 d:/academic/mt embedded diploma/0. misc/eclipse/winavr-20240224t165543z-001/winavr/bin/../lib/gcc/avr/4.3.3/avr5\libgcc.a(_clz.o)
 .bss           0x0080017e        0x0 d:/academic/mt embedded diploma/0. misc/eclipse/winavr-20240224t165543z-001/winavr/bin/../lib/gcc/avr/4.3.3/../../../../avr/lib/avr5\libc.a(itoa.o)
 .bss           0x0080017e        0x0 d:/academic/mt embedded diploma/0. misc/eclipse/winavr-20240224t165543z-001/winavr/bin/../lib/gcc/avr/4.3.3/../../../../avr/lib/avr5\libc.a(strrev.o)
 .bss           0x0080017e        0x0 d:/academic/mt embedded diploma/0. misc/eclipse/winavr-20240224t165543z-001/winavr/bin/../lib/gcc/avr/4.3.3/avr5\libgcc.a(_udivmodhi4.o)
 *(.bss*)
 .bss.g_callBackPtr
                0x0080017e        0x2 ./src/icu.o
 .bss.s_edgeCount.1455
                0x00800180        0x1 ./src/ultrasonic.o
 *(COMMON)
 COMMON         0x00800181        0x2 ./src/ultrasonic.o
                0x00800181                g_timerValue
                0x00800183                PROVIDE (__bss_end, .)
                0x000028fc                __data_load_start = LOADADDR (.data)
                0x00002a1a                __data_load_end = (__data_load_start + SIZEOF (.data))

.noinit         0x00800183        0x0
                0x00800183                PROVIDE (__noinit_start, .)
 *(.noinit*)
                0x00800183                PROVIDE (__noinit_end, .)
                0x00800183                _end = .
                0x00800183                PROVIDE (__heap_start, .)

.eeprom         0x00810000        0x0
 *(.eeprom*)
                0x00810000                __eeprom_end = .

.fuse
 *(.fuse)
 *(.lfuse)
 *(.hfuse)
 *(.efuse)

.lock
 *(.lock*)

.signature
 *(.signature*)

.stab           0x00000000     0x1d70
 *(.stab)
 .stab          0x00000000      0x888 ./src/gpio.o
 .stab          0x00000888      0x384 ./src/icu.o
                                0x5e8 (size before relaxing)
 .stab          0x00000c0c      0xae0 ./src/lcd.o
                                0xd50 (size before relaxing)
 .stab          0x000016ec      0x27c ./src/main.o
                                0x54c (size before relaxing)
 .stab          0x00001968      0x408 ./src/ultrasonic.o
                                0x6f0 (size before relaxing)

.stabstr        0x00000000     0x1260
 *(.stabstr)
 .stabstr       0x00000000     0x1260 ./src/gpio.o

.stab.excl
 *(.stab.excl)

.stab.exclstr
 *(.stab.exclstr)

.stab.index
 *(.stab.index)

.stab.indexstr
 *(.stab.indexstr)

.comment
 *(.comment)

.debug
 *(.debug)

.line
 *(.line)

.debug_srcinfo
 *(.debug_srcinfo)

.debug_sfnames
 *(.debug_sfnames)

.debug_aranges  0x00000000      0x1a0
 *(.debug_aranges)
 .debug_aranges
                0x00000000       0x20 d:/academic/mt embedded diploma/0. misc/eclipse/winavr-20240224t165543z-001/winavr/bin/../lib/gcc/avr/4.3.3/avr5\libgcc.a(_fixunssfsi.o)
 .debug_aranges
                0x00000020       0x20 d:/academic/mt embedded diploma/0. misc/eclipse/winavr-20240224t165543z-001/winavr/bin/../lib/gcc/avr/4.3.3/avr5\libgcc.a(_addsub_sf.o)
 .debug_aranges
                0x00000040       0x20 d:/academic/mt embedded diploma/0. misc/eclipse/winavr-20240224t165543z-001/winavr/bin/../lib/gcc/avr/4.3.3/avr5\libgcc.a(_mul_sf.o)
 .debug_aranges
                0x00000060       0x20 d:/academic/mt embedded diploma/0. misc/eclipse/winavr-20240224t165543z-001/winavr/bin/../lib/gcc/avr/4.3.3/avr5\libgcc.a(_div_sf.o)
 .debug_aranges
                0x00000080       0x20 d:/academic/mt embedded diploma/0. misc/eclipse/winavr-20240224t165543z-001/winavr/bin/../lib/gcc/avr/4.3.3/avr5\libgcc.a(_gt_sf.o)
 .debug_aranges
                0x000000a0       0x20 d:/academic/mt embedded diploma/0. misc/eclipse/winavr-20240224t165543z-001/winavr/bin/../lib/gcc/avr/4.3.3/avr5\libgcc.a(_ge_sf.o)
 .debug_aranges
                0x000000c0       0x20 d:/academic/mt embedded diploma/0. misc/eclipse/winavr-20240224t165543z-001/winavr/bin/../lib/gcc/avr/4.3.3/avr5\libgcc.a(_lt_sf.o)
 .debug_aranges
                0x000000e0       0x20 d:/academic/mt embedded diploma/0. misc/eclipse/winavr-20240224t165543z-001/winavr/bin/../lib/gcc/avr/4.3.3/avr5\libgcc.a(_sf_to_si.o)
 .debug_aranges
                0x00000100       0x20 d:/academic/mt embedded diploma/0. misc/eclipse/winavr-20240224t165543z-001/winavr/bin/../lib/gcc/avr/4.3.3/avr5\libgcc.a(_usi_to_sf.o)
 .debug_aranges
                0x00000120       0x20 d:/academic/mt embedded diploma/0. misc/eclipse/winavr-20240224t165543z-001/winavr/bin/../lib/gcc/avr/4.3.3/avr5\libgcc.a(_clzsi2.o)
 .debug_aranges
                0x00000140       0x20 d:/academic/mt embedded diploma/0. misc/eclipse/winavr-20240224t165543z-001/winavr/bin/../lib/gcc/avr/4.3.3/avr5\libgcc.a(_pack_sf.o)
 .debug_aranges
                0x00000160       0x20 d:/academic/mt embedded diploma/0. misc/eclipse/winavr-20240224t165543z-001/winavr/bin/../lib/gcc/avr/4.3.3/avr5\libgcc.a(_unpack_sf.o)
 .debug_aranges
                0x00000180       0x20 d:/academic/mt embedded diploma/0. misc/eclipse/winavr-20240224t165543z-001/winavr/bin/../lib/gcc/avr/4.3.3/avr5\libgcc.a(_fpcmp_parts_sf.o)

.debug_pubnames
                0x00000000      0x1f2
 *(.debug_pubnames)
 .debug_pubnames
                0x00000000       0x23 d:/academic/mt embedded diploma/0. misc/eclipse/winavr-20240224t165543z-001/winavr/bin/../lib/gcc/avr/4.3.3/avr5\libgcc.a(_fixunssfsi.o)
 .debug_pubnames
                0x00000023       0x2c d:/academic/mt embedded diploma/0. misc/eclipse/winavr-20240224t165543z-001/winavr/bin/../lib/gcc/avr/4.3.3/avr5\libgcc.a(_addsub_sf.o)
 .debug_pubnames
                0x0000004f       0x1f d:/academic/mt embedded diploma/0. misc/eclipse/winavr-20240224t165543z-001/winavr/bin/../lib/gcc/avr/4.3.3/avr5\libgcc.a(_mul_sf.o)
 .debug_pubnames
                0x0000006e       0x1f d:/academic/mt embedded diploma/0. misc/eclipse/winavr-20240224t165543z-001/winavr/bin/../lib/gcc/avr/4.3.3/avr5\libgcc.a(_div_sf.o)
 .debug_pubnames
                0x0000008d       0x1e d:/academic/mt embedded diploma/0. misc/eclipse/winavr-20240224t165543z-001/winavr/bin/../lib/gcc/avr/4.3.3/avr5\libgcc.a(_gt_sf.o)
 .debug_pubnames
                0x000000ab       0x1e d:/academic/mt embedded diploma/0. misc/eclipse/winavr-20240224t165543z-001/winavr/bin/../lib/gcc/avr/4.3.3/avr5\libgcc.a(_ge_sf.o)
 .debug_pubnames
                0x000000c9       0x1e d:/academic/mt embedded diploma/0. misc/eclipse/winavr-20240224t165543z-001/winavr/bin/../lib/gcc/avr/4.3.3/avr5\libgcc.a(_lt_sf.o)
 .debug_pubnames
                0x000000e7       0x20 d:/academic/mt embedded diploma/0. misc/eclipse/winavr-20240224t165543z-001/winavr/bin/../lib/gcc/avr/4.3.3/avr5\libgcc.a(_sf_to_si.o)
 .debug_pubnames
                0x00000107       0x22 d:/academic/mt embedded diploma/0. misc/eclipse/winavr-20240224t165543z-001/winavr/bin/../lib/gcc/avr/4.3.3/avr5\libgcc.a(_thenan_sf.o)
 .debug_pubnames
                0x00000129       0x24 d:/academic/mt embedded diploma/0. misc/eclipse/winavr-20240224t165543z-001/winavr/bin/../lib/gcc/avr/4.3.3/avr5\libgcc.a(_usi_to_sf.o)
 .debug_pubnames
                0x0000014d       0x1f d:/academic/mt embedded diploma/0. misc/eclipse/winavr-20240224t165543z-001/winavr/bin/../lib/gcc/avr/4.3.3/avr5\libgcc.a(_clzsi2.o)
 .debug_pubnames
                0x0000016c       0x1f d:/academic/mt embedded diploma/0. misc/eclipse/winavr-20240224t165543z-001/winavr/bin/../lib/gcc/avr/4.3.3/avr5\libgcc.a(_pack_sf.o)
 .debug_pubnames
                0x0000018b       0x21 d:/academic/mt embedded diploma/0. misc/eclipse/winavr-20240224t165543z-001/winavr/bin/../lib/gcc/avr/4.3.3/avr5\libgcc.a(_unpack_sf.o)
 .debug_pubnames
                0x000001ac       0x26 d:/academic/mt embedded diploma/0. misc/eclipse/winavr-20240224t165543z-001/winavr/bin/../lib/gcc/avr/4.3.3/avr5\libgcc.a(_fpcmp_parts_sf.o)
 .debug_pubnames
                0x000001d2       0x20 d:/academic/mt embedded diploma/0. misc/eclipse/winavr-20240224t165543z-001/winavr/bin/../lib/gcc/avr/4.3.3/avr5\libgcc.a(_clz.o)

.debug_info     0x00000000     0x240b
 *(.debug_info)
 .debug_info    0x00000000       0xb1 d:/academic/mt embedded diploma/0. misc/eclipse/winavr-20240224t165543z-001/winavr/bin/../lib/gcc/avr/4.3.3/avr5\libgcc.a(_fixunssfsi.o)
 .debug_info    0x000000b1      0x47a d:/academic/mt embedded diploma/0. misc/eclipse/winavr-20240224t165543z-001/winavr/bin/../lib/gcc/avr/4.3.3/avr5\libgcc.a(_addsub_sf.o)
 .debug_info    0x0000052b      0x485 d:/academic/mt embedded diploma/0. misc/eclipse/winavr-20240224t165543z-001/winavr/bin/../lib/gcc/avr/4.3.3/avr5\libgcc.a(_mul_sf.o)
 .debug_info    0x000009b0      0x3fc d:/academic/mt embedded diploma/0. misc/eclipse/winavr-20240224t165543z-001/winavr/bin/../lib/gcc/avr/4.3.3/avr5\libgcc.a(_div_sf.o)
 .debug_info    0x00000dac      0x27f d:/academic/mt embedded diploma/0. misc/eclipse/winavr-20240224t165543z-001/winavr/bin/../lib/gcc/avr/4.3.3/avr5\libgcc.a(_gt_sf.o)
 .debug_info    0x0000102b      0x27f d:/academic/mt embedded diploma/0. misc/eclipse/winavr-20240224t165543z-001/winavr/bin/../lib/gcc/avr/4.3.3/avr5\libgcc.a(_ge_sf.o)
 .debug_info    0x000012aa      0x27f d:/academic/mt embedded diploma/0. misc/eclipse/winavr-20240224t165543z-001/winavr/bin/../lib/gcc/avr/4.3.3/avr5\libgcc.a(_lt_sf.o)
 .debug_info    0x00001529      0x2b0 d:/academic/mt embedded diploma/0. misc/eclipse/winavr-20240224t165543z-001/winavr/bin/../lib/gcc/avr/4.3.3/avr5\libgcc.a(_sf_to_si.o)
 .debug_info    0x000017d9      0x12c d:/academic/mt embedded diploma/0. misc/eclipse/winavr-20240224t165543z-001/winavr/bin/../lib/gcc/avr/4.3.3/avr5\libgcc.a(_thenan_sf.o)
 .debug_info    0x00001905      0x206 d:/academic/mt embedded diploma/0. misc/eclipse/winavr-20240224t165543z-001/winavr/bin/../lib/gcc/avr/4.3.3/avr5\libgcc.a(_usi_to_sf.o)
 .debug_info    0x00001b0b      0x117 d:/academic/mt embedded diploma/0. misc/eclipse/winavr-20240224t165543z-001/winavr/bin/../lib/gcc/avr/4.3.3/avr5\libgcc.a(_clzsi2.o)
 .debug_info    0x00001c22      0x2df d:/academic/mt embedded diploma/0. misc/eclipse/winavr-20240224t165543z-001/winavr/bin/../lib/gcc/avr/4.3.3/avr5\libgcc.a(_pack_sf.o)
 .debug_info    0x00001f01      0x251 d:/academic/mt embedded diploma/0. misc/eclipse/winavr-20240224t165543z-001/winavr/bin/../lib/gcc/avr/4.3.3/avr5\libgcc.a(_unpack_sf.o)
 .debug_info    0x00002152      0x210 d:/academic/mt embedded diploma/0. misc/eclipse/winavr-20240224t165543z-001/winavr/bin/../lib/gcc/avr/4.3.3/avr5\libgcc.a(_fpcmp_parts_sf.o)
 .debug_info    0x00002362       0xa9 d:/academic/mt embedded diploma/0. misc/eclipse/winavr-20240224t165543z-001/winavr/bin/../lib/gcc/avr/4.3.3/avr5\libgcc.a(_clz.o)
 *(.gnu.linkonce.wi.*)

.debug_abbrev   0x00000000     0x1386
 *(.debug_abbrev)
 .debug_abbrev  0x00000000       0x5d d:/academic/mt embedded diploma/0. misc/eclipse/winavr-20240224t165543z-001/winavr/bin/../lib/gcc/avr/4.3.3/avr5\libgcc.a(_fixunssfsi.o)
 .debug_abbrev  0x0000005d      0x1ea d:/academic/mt embedded diploma/0. misc/eclipse/winavr-20240224t165543z-001/winavr/bin/../lib/gcc/avr/4.3.3/avr5\libgcc.a(_addsub_sf.o)
 .debug_abbrev  0x00000247      0x21b d:/academic/mt embedded diploma/0. misc/eclipse/winavr-20240224t165543z-001/winavr/bin/../lib/gcc/avr/4.3.3/avr5\libgcc.a(_mul_sf.o)
 .debug_abbrev  0x00000462      0x216 d:/academic/mt embedded diploma/0. misc/eclipse/winavr-20240224t165543z-001/winavr/bin/../lib/gcc/avr/4.3.3/avr5\libgcc.a(_div_sf.o)
 .debug_abbrev  0x00000678      0x15a d:/academic/mt embedded diploma/0. misc/eclipse/winavr-20240224t165543z-001/winavr/bin/../lib/gcc/avr/4.3.3/avr5\libgcc.a(_gt_sf.o)
 .debug_abbrev  0x000007d2      0x15a d:/academic/mt embedded diploma/0. misc/eclipse/winavr-20240224t165543z-001/winavr/bin/../lib/gcc/avr/4.3.3/avr5\libgcc.a(_ge_sf.o)
 .debug_abbrev  0x0000092c      0x15a d:/academic/mt embedded diploma/0. misc/eclipse/winavr-20240224t165543z-001/winavr/bin/../lib/gcc/avr/4.3.3/avr5\libgcc.a(_lt_sf.o)
 .debug_abbrev  0x00000a86      0x17f d:/academic/mt embedded diploma/0. misc/eclipse/winavr-20240224t165543z-001/winavr/bin/../lib/gcc/avr/4.3.3/avr5\libgcc.a(_sf_to_si.o)
 .debug_abbrev  0x00000c05       0xad d:/academic/mt embedded diploma/0. misc/eclipse/winavr-20240224t165543z-001/winavr/bin/../lib/gcc/avr/4.3.3/avr5\libgcc.a(_thenan_sf.o)
 .debug_abbrev  0x00000cb2      0x157 d:/academic/mt embedded diploma/0. misc/eclipse/winavr-20240224t165543z-001/winavr/bin/../lib/gcc/avr/4.3.3/avr5\libgcc.a(_usi_to_sf.o)
 .debug_abbrev  0x00000e09       0xc4 d:/academic/mt embedded diploma/0. misc/eclipse/winavr-20240224t165543z-001/winavr/bin/../lib/gcc/avr/4.3.3/avr5\libgcc.a(_clzsi2.o)
 .debug_abbrev  0x00000ecd      0x1c0 d:/academic/mt embedded diploma/0. misc/eclipse/winavr-20240224t165543z-001/winavr/bin/../lib/gcc/avr/4.3.3/avr5\libgcc.a(_pack_sf.o)
 .debug_abbrev  0x0000108d      0x154 d:/academic/mt embedded diploma/0. misc/eclipse/winavr-20240224t165543z-001/winavr/bin/../lib/gcc/avr/4.3.3/avr5\libgcc.a(_unpack_sf.o)
 .debug_abbrev  0x000011e1      0x13b d:/academic/mt embedded diploma/0. misc/eclipse/winavr-20240224t165543z-001/winavr/bin/../lib/gcc/avr/4.3.3/avr5\libgcc.a(_fpcmp_parts_sf.o)
 .debug_abbrev  0x0000131c       0x6a d:/academic/mt embedded diploma/0. misc/eclipse/winavr-20240224t165543z-001/winavr/bin/../lib/gcc/avr/4.3.3/avr5\libgcc.a(_clz.o)

.debug_line     0x00000000     0x11d6
 *(.debug_line)
 .debug_line    0x00000000       0xa7 d:/academic/mt embedded diploma/0. misc/eclipse/winavr-20240224t165543z-001/winavr/bin/../lib/gcc/avr/4.3.3/avr5\libgcc.a(_fixunssfsi.o)
 .debug_line    0x000000a7      0x2af d:/academic/mt embedded diploma/0. misc/eclipse/winavr-20240224t165543z-001/winavr/bin/../lib/gcc/avr/4.3.3/avr5\libgcc.a(_addsub_sf.o)
 .debug_line    0x00000356      0x239 d:/academic/mt embedded diploma/0. misc/eclipse/winavr-20240224t165543z-001/winavr/bin/../lib/gcc/avr/4.3.3/avr5\libgcc.a(_mul_sf.o)
 .debug_line    0x0000058f      0x1d5 d:/academic/mt embedded diploma/0. misc/eclipse/winavr-20240224t165543z-001/winavr/bin/../lib/gcc/avr/4.3.3/avr5\libgcc.a(_div_sf.o)
 .debug_line    0x00000764       0xd3 d:/academic/mt embedded diploma/0. misc/eclipse/winavr-20240224t165543z-001/winavr/bin/../lib/gcc/avr/4.3.3/avr5\libgcc.a(_gt_sf.o)
 .debug_line    0x00000837       0xd3 d:/academic/mt embedded diploma/0. misc/eclipse/winavr-20240224t165543z-001/winavr/bin/../lib/gcc/avr/4.3.3/avr5\libgcc.a(_ge_sf.o)
 .debug_line    0x0000090a       0xd3 d:/academic/mt embedded diploma/0. misc/eclipse/winavr-20240224t165543z-001/winavr/bin/../lib/gcc/avr/4.3.3/avr5\libgcc.a(_lt_sf.o)
 .debug_line    0x000009dd      0x109 d:/academic/mt embedded diploma/0. misc/eclipse/winavr-20240224t165543z-001/winavr/bin/../lib/gcc/avr/4.3.3/avr5\libgcc.a(_sf_to_si.o)
 .debug_line    0x00000ae6       0x90 d:/academic/mt embedded diploma/0. misc/eclipse/winavr-20240224t165543z-001/winavr/bin/../lib/gcc/avr/4.3.3/avr5\libgcc.a(_thenan_sf.o)
 .debug_line    0x00000b76      0x133 d:/academic/mt embedded diploma/0. misc/eclipse/winavr-20240224t165543z-001/winavr/bin/../lib/gcc/avr/4.3.3/avr5\libgcc.a(_usi_to_sf.o)
 .debug_line    0x00000ca9       0xa5 d:/academic/mt embedded diploma/0. misc/eclipse/winavr-20240224t165543z-001/winavr/bin/../lib/gcc/avr/4.3.3/avr5\libgcc.a(_clzsi2.o)
 .debug_line    0x00000d4e      0x18a d:/academic/mt embedded diploma/0. misc/eclipse/winavr-20240224t165543z-001/winavr/bin/../lib/gcc/avr/4.3.3/avr5\libgcc.a(_pack_sf.o)
 .debug_line    0x00000ed8      0x14b d:/academic/mt embedded diploma/0. misc/eclipse/winavr-20240224t165543z-001/winavr/bin/../lib/gcc/avr/4.3.3/avr5\libgcc.a(_unpack_sf.o)
 .debug_line    0x00001023      0x137 d:/academic/mt embedded diploma/0. misc/eclipse/winavr-20240224t165543z-001/winavr/bin/../lib/gcc/avr/4.3.3/avr5\libgcc.a(_fpcmp_parts_sf.o)
 .debug_line    0x0000115a       0x7c d:/academic/mt embedded diploma/0. misc/eclipse/winavr-20240224t165543z-001/winavr/bin/../lib/gcc/avr/4.3.3/avr5\libgcc.a(_clz.o)

.debug_frame    0x00000000      0x1c0
 *(.debug_frame)
 .debug_frame   0x00000000       0x20 d:/academic/mt embedded diploma/0. misc/eclipse/winavr-20240224t165543z-001/winavr/bin/../lib/gcc/avr/4.3.3/avr5\libgcc.a(_fixunssfsi.o)
 .debug_frame   0x00000020       0x40 d:/academic/mt embedded diploma/0. misc/eclipse/winavr-20240224t165543z-001/winavr/bin/../lib/gcc/avr/4.3.3/avr5\libgcc.a(_addsub_sf.o)
 .debug_frame   0x00000060       0x20 d:/academic/mt embedded diploma/0. misc/eclipse/winavr-20240224t165543z-001/winavr/bin/../lib/gcc/avr/4.3.3/avr5\libgcc.a(_mul_sf.o)
 .debug_frame   0x00000080       0x20 d:/academic/mt embedded diploma/0. misc/eclipse/winavr-20240224t165543z-001/winavr/bin/../lib/gcc/avr/4.3.3/avr5\libgcc.a(_div_sf.o)
 .debug_frame   0x000000a0       0x20 d:/academic/mt embedded diploma/0. misc/eclipse/winavr-20240224t165543z-001/winavr/bin/../lib/gcc/avr/4.3.3/avr5\libgcc.a(_gt_sf.o)
 .debug_frame   0x000000c0       0x20 d:/academic/mt embedded diploma/0. misc/eclipse/winavr-20240224t165543z-001/winavr/bin/../lib/gcc/avr/4.3.3/avr5\libgcc.a(_ge_sf.o)
 .debug_frame   0x000000e0       0x20 d:/academic/mt embedded diploma/0. misc/eclipse/winavr-20240224t165543z-001/winavr/bin/../lib/gcc/avr/4.3.3/avr5\libgcc.a(_lt_sf.o)
 .debug_frame   0x00000100       0x20 d:/academic/mt embedded diploma/0. misc/eclipse/winavr-20240224t165543z-001/winavr/bin/../lib/gcc/avr/4.3.3/avr5\libgcc.a(_sf_to_si.o)
 .debug_frame   0x00000120       0x20 d:/academic/mt embedded diploma/0. misc/eclipse/winavr-20240224t165543z-001/winavr/bin/../lib/gcc/avr/4.3.3/avr5\libgcc.a(_usi_to_sf.o)
 .debug_frame   0x00000140       0x20 d:/academic/mt embedded diploma/0. misc/eclipse/winavr-20240224t165543z-001/winavr/bin/../lib/gcc/avr/4.3.3/avr5\libgcc.a(_clzsi2.o)
 .debug_frame   0x00000160       0x20 d:/academic/mt embedded diploma/0. misc/eclipse/winavr-20240224t165543z-001/winavr/bin/../lib/gcc/avr/4.3.3/avr5\libgcc.a(_pack_sf.o)
 .debug_frame   0x00000180       0x20 d:/academic/mt embedded diploma/0. misc/eclipse/winavr-20240224t165543z-001/winavr/bin/../lib/gcc/avr/4.3.3/avr5\libgcc.a(_unpack_sf.o)
 .debug_frame   0x000001a0       0x20 d:/academic/mt embedded diploma/0. misc/eclipse/winavr-20240224t165543z-001/winavr/bin/../lib/gcc/avr/4.3.3/avr5\libgcc.a(_fpcmp_parts_sf.o)

.debug_str      0x00000000      0x2f6
 *(.debug_str)
 .debug_str     0x00000000       0xbf d:/academic/mt embedded diploma/0. misc/eclipse/winavr-20240224t165543z-001/winavr/bin/../lib/gcc/avr/4.3.3/avr5\libgcc.a(_fixunssfsi.o)
                                 0xfe (size before relaxing)
 .debug_str     0x000000bf      0x14d d:/academic/mt embedded diploma/0. misc/eclipse/winavr-20240224t165543z-001/winavr/bin/../lib/gcc/avr/4.3.3/avr5\libgcc.a(_addsub_sf.o)
                                0x206 (size before relaxing)
 .debug_str     0x0000020c       0x27 d:/academic/mt embedded diploma/0. misc/eclipse/winavr-20240224t165543z-001/winavr/bin/../lib/gcc/avr/4.3.3/avr5\libgcc.a(_mul_sf.o)
                                0x1bf (size before relaxing)
 .debug_str     0x00000233       0x35 d:/academic/mt embedded diploma/0. misc/eclipse/winavr-20240224t165543z-001/winavr/bin/../lib/gcc/avr/4.3.3/avr5\libgcc.a(_div_sf.o)
                                0x1c8 (size before relaxing)
 .debug_str     0x00000268        0x8 d:/academic/mt embedded diploma/0. misc/eclipse/winavr-20240224t165543z-001/winavr/bin/../lib/gcc/avr/4.3.3/avr5\libgcc.a(_gt_sf.o)
                                0x195 (size before relaxing)
 .debug_str     0x00000270        0x8 d:/academic/mt embedded diploma/0. misc/eclipse/winavr-20240224t165543z-001/winavr/bin/../lib/gcc/avr/4.3.3/avr5\libgcc.a(_ge_sf.o)
                                0x195 (size before relaxing)
 .debug_str     0x00000278        0x8 d:/academic/mt embedded diploma/0. misc/eclipse/winavr-20240224t165543z-001/winavr/bin/../lib/gcc/avr/4.3.3/avr5\libgcc.a(_lt_sf.o)
                                0x195 (size before relaxing)
 .debug_str     0x00000280        0xa d:/academic/mt embedded diploma/0. misc/eclipse/winavr-20240224t165543z-001/winavr/bin/../lib/gcc/avr/4.3.3/avr5\libgcc.a(_sf_to_si.o)
                                0x19e (size before relaxing)
 .debug_str     0x00000000      0x103 d:/academic/mt embedded diploma/0. misc/eclipse/winavr-20240224t165543z-001/winavr/bin/../lib/gcc/avr/4.3.3/avr5\libgcc.a(_thenan_sf.o)
 .debug_str     0x0000028a       0x21 d:/academic/mt embedded diploma/0. misc/eclipse/winavr-20240224t165543z-001/winavr/bin/../lib/gcc/avr/4.3.3/avr5\libgcc.a(_usi_to_sf.o)
                                0x177 (size before relaxing)
 .debug_str     0x000002ab       0x20 d:/academic/mt embedded diploma/0. misc/eclipse/winavr-20240224t165543z-001/winavr/bin/../lib/gcc/avr/4.3.3/avr5\libgcc.a(_clzsi2.o)
                                0x111 (size before relaxing)
 .debug_str     0x000002cb       0x10 d:/academic/mt embedded diploma/0. misc/eclipse/winavr-20240224t165543z-001/winavr/bin/../lib/gcc/avr/4.3.3/avr5\libgcc.a(_pack_sf.o)
                                0x19d (size before relaxing)
 .debug_str     0x000002db        0xb d:/academic/mt embedded diploma/0. misc/eclipse/winavr-20240224t165543z-001/winavr/bin/../lib/gcc/avr/4.3.3/avr5\libgcc.a(_unpack_sf.o)
                                0x17f (size before relaxing)
 .debug_str     0x000002e6       0x10 d:/academic/mt embedded diploma/0. misc/eclipse/winavr-20240224t165543z-001/winavr/bin/../lib/gcc/avr/4.3.3/avr5\libgcc.a(_fpcmp_parts_sf.o)
                                0x163 (size before relaxing)
 .debug_str     0x00000000       0xf4 d:/academic/mt embedded diploma/0. misc/eclipse/winavr-20240224t165543z-001/winavr/bin/../lib/gcc/avr/4.3.3/avr5\libgcc.a(_clz.o)

.debug_loc      0x00000000      0x96e
 *(.debug_loc)
 .debug_loc     0x00000000       0x34 d:/academic/mt embedded diploma/0. misc/eclipse/winavr-20240224t165543z-001/winavr/bin/../lib/gcc/avr/4.3.3/avr5\libgcc.a(_fixunssfsi.o)
 .debug_loc     0x00000034      0x32a d:/academic/mt embedded diploma/0. misc/eclipse/winavr-20240224t165543z-001/winavr/bin/../lib/gcc/avr/4.3.3/avr5\libgcc.a(_addsub_sf.o)
 .debug_loc     0x0000035e      0x104 d:/academic/mt embedded diploma/0. misc/eclipse/winavr-20240224t165543z-001/winavr/bin/../lib/gcc/avr/4.3.3/avr5\libgcc.a(_mul_sf.o)
 .debug_loc     0x00000462       0xc0 d:/academic/mt embedded diploma/0. misc/eclipse/winavr-20240224t165543z-001/winavr/bin/../lib/gcc/avr/4.3.3/avr5\libgcc.a(_div_sf.o)
 .debug_loc     0x00000522       0x3c d:/academic/mt embedded diploma/0. misc/eclipse/winavr-20240224t165543z-001/winavr/bin/../lib/gcc/avr/4.3.3/avr5\libgcc.a(_gt_sf.o)
 .debug_loc     0x0000055e       0x3c d:/academic/mt embedded diploma/0. misc/eclipse/winavr-20240224t165543z-001/winavr/bin/../lib/gcc/avr/4.3.3/avr5\libgcc.a(_ge_sf.o)
 .debug_loc     0x0000059a       0x3c d:/academic/mt embedded diploma/0. misc/eclipse/winavr-20240224t165543z-001/winavr/bin/../lib/gcc/avr/4.3.3/avr5\libgcc.a(_lt_sf.o)
 .debug_loc     0x000005d6       0x7e d:/academic/mt embedded diploma/0. misc/eclipse/winavr-20240224t165543z-001/winavr/bin/../lib/gcc/avr/4.3.3/avr5\libgcc.a(_sf_to_si.o)
 .debug_loc     0x00000654       0x4c d:/academic/mt embedded diploma/0. misc/eclipse/winavr-20240224t165543z-001/winavr/bin/../lib/gcc/avr/4.3.3/avr5\libgcc.a(_usi_to_sf.o)
 .debug_loc     0x000006a0       0x94 d:/academic/mt embedded diploma/0. misc/eclipse/winavr-20240224t165543z-001/winavr/bin/../lib/gcc/avr/4.3.3/avr5\libgcc.a(_clzsi2.o)
 .debug_loc     0x00000734      0x13e d:/academic/mt embedded diploma/0. misc/eclipse/winavr-20240224t165543z-001/winavr/bin/../lib/gcc/avr/4.3.3/avr5\libgcc.a(_pack_sf.o)
 .debug_loc     0x00000872       0xac d:/academic/mt embedded diploma/0. misc/eclipse/winavr-20240224t165543z-001/winavr/bin/../lib/gcc/avr/4.3.3/avr5\libgcc.a(_unpack_sf.o)
 .debug_loc     0x0000091e       0x50 d:/academic/mt embedded diploma/0. misc/eclipse/winavr-20240224t165543z-001/winavr/bin/../lib/gcc/avr/4.3.3/avr5\libgcc.a(_fpcmp_parts_sf.o)

.debug_macinfo
 *(.debug_macinfo)
OUTPUT(Mini_Project_4.elf elf32-avr)
LOAD linker stubs

.debug_ranges   0x00000000       0x50
 .debug_ranges  0x00000000       0x50 d:/academic/mt embedded diploma/0. misc/eclipse/winavr-20240224t165543z-001/winavr/bin/../lib/gcc/avr/4.3.3/avr5\libgcc.a(_mul_sf.o)
